[Input[500,324,229,101,Gbp]] => Currency: Gbp, Amount: 44962.776 
